// Jest Snapshot v1, https://goo.gl/fbAQLP

exports[`should match snapshot 1`] = `
<Loader
  color="#e8e8e8"
  size={60}
>
  <styled(Component)
    color="#e8e8e8"
    size={60}
  >
    <div
      className="css-LoaderContainer-1gt9qhw0 css-urt01t"
      color="#e8e8e8"
      size={60}
    >
      <div>
        <div />
        <div />
      </div>
    </div>
  </styled(Component)>
</Loader>
`;
