// Jest Snapshot v1, https://goo.gl/fbAQLP

exports[`matches snapshot 1`] = `
<form
  data-testid="signUpForm"
>
  <div>
    <input
      data-testid="usernameInput"
      value=""
    />
  </div>
  <div>
    <input
      data-testid="passwordInput"
      value=""
    />
    <input
      data-testid="passwordRepeatInput"
      value=""
    />
  </div>
  <button
    data-testid="reset"
    type="reset"
  >
    Reset
  </button>
  <button
    data-testid="submit"
    type="submit"
  >
    Submit
  </button>
</form>
`;
